<html>
<body>
<pre>
<h1>µVision Build Log</h1>
<h2>Tool Versions:</h2>
IDE-Version: µVision V5.25.2.0
Copyright (C) 2018 ARM Ltd and ARM Germany GmbH. All rights reserved.
License Information: Muhammad Lutfi Santoso, eepis, LIC=W96Y8-3G7S7-XA3DC-7Q8UJ-6EJBB-6GHEL
 
Tool Versions:
Toolchain:       MDK-ARM Professional  Version: 5.25.2.0
Toolchain Path:  C:\Keil_v5\ARM\ARMCompiler6.10.1\Bin
C Compiler:      Armcc.exe
Assembler:       Armasm.exe V6.10.1
Linker/Locator:  ArmLink.exe
Library Manager: ArmAr.exe V6.10.1
Hex Converter:   FromElf.exe
CPU DLL:         SARMCM3.DLL V5.25.2.0
Dialog DLL:      DCM.DLL V1.17.1.0
Target DLL:      STLink\ST-LINKIII-KEIL_SWO.dll V3.0.1.0
Dialog DLL:      TCM.DLL V1.35.1.0
 
<h2>Project:</h2>
D:\molina\inverter inka\20180823-SPWM\MDK-ARM\20180823-SPWM.uvprojx
Project File Date:  08/24/2018

<h2>Output:</h2>
*** Using Compiler 'V6.10.1', folder: 'C:\Keil_v5\ARM\ARMCompiler6.10.1\Bin'
Build target '20180823-SPWM'
../Src/tim.c(41): warning: In file included from...
../Inc\tim.h(47): warning: In file included from...
../Drivers/STM32F4xx_HAL_Driver/Inc\stm32f4xx_hal.h(46): warning: In file included from...
../Inc\stm32f4xx_hal_conf.h(257): warning: In file included from...
../Drivers/STM32F4xx_HAL_Driver/Inc\stm32f4xx_hal_dma.h(126): warning: commas at the end of enumerator lists are a C99-specific feature [-Wc99-extensions]
  HAL_DMA_STATE_ABORT             = 0x05U,  /*!< DMA Abort state                     */
                                         ^~
../Src/tim.c(41): warning: In file included from...
../Inc\tim.h(47): warning: In file included from...
../Drivers/STM32F4xx_HAL_Driver/Inc\stm32f4xx_hal.h(46): warning: In file included from...
../Inc\stm32f4xx_hal_conf.h(369): warning: In file included from...
../Drivers/STM32F4xx_HAL_Driver/Inc\stm32f4xx_hal_tim.h(292): warning: padding struct 'TIM_HandleTypeDef' with 3 bytes to align 'hdma' [-Wpadded]
  DMA_HandleTypeDef           *hdma[7];      /*!< DMA Handlers array
                               ^
../Drivers/STM32F4xx_HAL_Driver/Inc\stm32f4xx_hal_tim.h(287): warning: padding size of 'TIM_HandleTypeDef' with 2 bytes to alignment boundary [-Wpadded]
typedef struct
        ^
../Src/tim.c(41): warning: In file included from...
../Inc\tim.h(47): warning: In file included from...
../Drivers/STM32F4xx_HAL_Driver/Inc\stm32f4xx_hal.h(46): warning: In file included from...
../Inc\stm32f4xx_hal_conf.h(257): warning: In file included from...
../Drivers/STM32F4xx_HAL_Driver/Inc\stm32f4xx_hal_dma.h(165): warning: padding struct 'struct __DMA_HandleTypeDef' with 2 bytes to align 'Parent' [-Wpadded]
  void                       *Parent;                                                          /*!< Parent object state                    */ 
                              ^
4 warnings generated.
compiling tim.c...
linking...
Program Size: Code=6624 RO-data=2508 RW-data=16 ZI-data=1128  
FromELF: creating hex file...
"20180823-SPWM\20180823-SPWM.axf" - 0 Error(s), 4 Warning(s).

<h2>Software Packages used:</h2>

Package Vendor: ARM
                http://www.keil.com/pack/ARM.CMSIS.5.3.0.pack
                ARM.CMSIS.5.3.0
                CMSIS (Cortex Microcontroller Software Interface Standard)
   * Component: CORE Version: 5.1.1
   * Component: DSP Version: 1.5.2

Package Vendor: Keil
                http://www.keil.com/pack/Keil.STM32F4xx_DFP.2.13.0.pack
                Keil.STM32F4xx_DFP.2.13.0
                STMicroelectronics STM32F4 Series Device Support, Drivers and Examples

<h2>Collection of Component include folders:</h2>
  .\RTE\_20180823-SPWM
  C:\Keil_v5\ARM\PACK\ARM\CMSIS\5.3.0\CMSIS\Include
  C:\Keil_v5\ARM\PACK\Keil\STM32F4xx_DFP\2.13.0\Drivers\CMSIS\Device\ST\STM32F4xx\Include

<h2>Collection of Component Files used:</h2>

   * Component: ARM::CMSIS:CORE:5.1.1

   * Component: ARM::CMSIS:DSP:1.5.2
      Library file:  CMSIS\Lib\ARM\arm_cortexM4lf_math.lib
      Include file:  CMSIS\Include\arm_math.h
Build Time Elapsed:  00:00:01
</pre>
</body>
</html>
